Test Number	Features	Edit Accuracy	Score Accuracy	Total Time	Learn Time	Alignment Time	Weights
1 	 [EditType] 	 0.0014600531587237644 	 0.002193276934783582 	 4h11m55.886500488s 	 4h11m55.849906155s 	 36.594133ms 	 [1]
